Nutze clickTT Spieler Export Datei: 28.8.start.xml
