Nutze clickTT Spieler Export Datei: müll.xml
Die clickTT Spieler Export xml Datei 'müll.xml' ist fehlerhaft
  syntax error: line 1, column 0
Die Datei 'spieler.txt' fehlt.
Erzeuge eine Beispieldatei.
